// Jest Snapshot v1, https://goo.gl/fbAQLP

exports[`CardView should render self and subcomponents 1`] = `
<section
  className="single"
>
  <Swipeable
    delta={10}
    disabled={false}
    flickThreshold={0.6}
    nodeName="div"
    onSwipedLeft={[Function]}
    onSwipedRight={[Function]}
    preventDefaultTouchmoveEvent={false}
    rotationAngle={0}
    stopPropagation={false}
  >
    <Card
      card={
        Object {
          "answer": "Card description",
          "index": 1,
          "title": "Card",
        }
      }
      className=""
      flipped={false}
      handleOnClick={[Function]}
      trimOverflow={false}
      trimOverflowLength={125}
    />
  </Swipeable>
  <DeckNavigator
    cardIndex={1}
    deck={
      Object {
        "cards": Array [
          Object {
            "answer": "Card description",
            "index": 1,
            "title": "Card",
          },
        ],
        "description": "Deck description",
        "id": "ABCDEFG",
        "title": "Deck title",
      }
    }
    flipped={false}
    handleFlip={[Function]}
    handleNextCard={[Function]}
    handlePrevCard={[Function]}
    handleShuffleToggle={[Function]}
    mode="view"
    push={[Function]}
    shuffle={false}
  />
</section>
`
