// Jest Snapshot v1, https://goo.gl/fbAQLP

exports[`DeckView should render self and subcomponents 1`] = `
<section
  className="deck-view"
>
  <div
    className="title-card"
  >
    <div
      className="title-text"
    >
      <RIEInput
        change={[Function]}
        classInvalid="invalid"
        classLoading="loading"
        className="large editable"
        maxLength={160}
        minLength="1"
        placeholder="Click here to add a title"
        propName="title"
        validate={[Function]}
        value="Deck title"
      />
      <p>
        <strong>
          1 cards
        </strong>
         
        <ModalHelpButton
          style={
            Object {
              "minWidth": "350px",
            }
          }
        >
          <p>
            Click anywhere on the deck's title or description to edit the field. Your changes are saved immediately.
          </p>
        </ModalHelpButton>
      </p>
      <RIETextArea
        change={[Function]}
        classInvalid="invalid"
        classLoading="loading"
        className="paragraph editable m-t"
        maxLength={300}
        minLength="1"
        placeholder="Click here to add a description"
        propName="description"
        rows="6"
        validate={[Function]}
        value="Deck description"
      />
       
    </div>
    <div
      className="control-buttons"
    >
      <Link
        className="button outline"
        replace={false}
        to="/view/ABCDEFG/1"
      >
        Play Deck  
        <i
          className="fa fa-play-circle"
        />
      </Link>
      <ExportDeckButton
        className="button"
        disabled={false}
        exportFile={[Function]}
        filename="Deck-title.json"
        label="Export Deck"
        style={Object {}}
      />
      <button
        className="btn-delete"
        onClick={[Function]}
      >
        Delete Deck
      </button>
    </div>
  </div>
  <div
    className="wrap-row grid"
  >
    <Card
      card={
        Object {
          "answer": "Card description",
          "index": 1,
          "title": "Card",
        }
      }
      className="card-contents"
      flipped={false}
      handleOnClick={[Function]}
      trimOverflow={true}
      trimOverflowLength={125}
    >
      <Overlay
        className=""
      >
        <OverlayRow
          className=""
        >
          <button
            className="button"
            onClick={[Function]}
          >
            View
          </button>
          <button
            className="button"
            onClick={[Function]}
          >
            Edit
          </button>
          <button
            className="button btn-delete"
            onClick={[Function]}
          >
            Delete
          </button>
        </OverlayRow>
        <OverlayRow
          className=""
        >
          <button
            className="button"
            onClick={[Function]}
          >
            Duplicate
          </button>
        </OverlayRow>
      </Overlay>
    </Card>
  </div>
</section>
`;
