// Jest Snapshot v1, https://goo.gl/fbAQLP

exports[`DeckGrid should render self and subcomponents 1`] = `
<TransitionMotion
  didLeave={[Function]}
  styles={
    Array [
      Object {
        "data": Object {
          "deck": Object {
            "cards": Array [],
            "description": "Deck description",
            "id": "ABCDEFG",
            "title": "Deck title",
          },
        },
        "key": "deck_ABCDEFG",
        "style": Object {
          "left": Object {
            "damping": 26,
            "precision": 0.01,
            "stiffness": 170,
            "val": 0,
          },
          "opacity": Object {
            "damping": 26,
            "precision": 0.01,
            "stiffness": 170,
            "val": 1,
          },
        },
      },
    ]
  }
  willEnter={[Function]}
  willLeave={[Function]}
>
  <Component />
</TransitionMotion>
`

exports[`DeckGrid should render self and subcomponents 2`] = `
<TransitionMotion
  didLeave={[Function]}
  styles={Array []}
  willEnter={[Function]}
  willLeave={[Function]}
>
  <Component />
</TransitionMotion>
`
