// Jest Snapshot v1, https://goo.gl/fbAQLP

exports[`ImportDeck should render self and subcomponents 1`] = `
<section
  className="deck-import"
>
  <div
    className="grid-figure"
  >
    <h2
      className="header"
    >
      Add/Import Deck
    </h2>
    <form
      className="edit-form"
      onSubmit={[Function]}
    >
      <h4>
        Create a new deck
      </h4>
      <label
        htmlFor="title"
      >
        <span>
          Title
        </span>
        <input
          className="large-input"
          maxLength="30"
          name="title"
          onChange={[Function]}
          placeholder="Enter a deck title here"
          type="text"
        />
      </label>
      <label
        htmlFor="description"
      >
        <span>
          Description
        </span>
        <textarea
          name="description"
          onChange={[Function]}
          placeholder="Enter a short description of of the deck (Markdown supported)"
          rows="3"
          type="text"
        />
      </label>
      <div>
        <button
          className="button"
          type="submit"
        >
          Create Deck
        </button>
      </div>
      <div
        className="or-bar"
      >
        <hr />
        <p>
          or
        </p>
      </div>
      <h4>
        Import an existing deck collection or deck
      </h4>
      <p>
        Supports a previous JSON export of your deck collections or a CSV of cards
      </p>
      <Dropzone
        accept="application/json,text/csv"
        activeClassName="drop-active"
        className="drop"
        disableClick={false}
        disablePreview={false}
        maxSize={Infinity}
        minSize={0}
        multiple={false}
        onDrop={[Function]}
        preventDropOnDocument={true}
        rejectClassName="drop-reject"
      >
        <p>
          Click here to import or drag and drop the deck JSON here
        </p>
      </Dropzone>
      <div
        className="or-bar"
      >
        <hr />
        <p>
          or
        </p>
      </div>
      <h4>
        Use samples
      </h4>
      <div>
        <button
          className="button"
          onClick={[Function]}
          type="button"
        >
          Load Sample Decks
        </button>
      </div>
    </form>
  </div>
</section>
`;
