// Jest Snapshot v1, https://goo.gl/fbAQLP

exports[`ImportDeck should render self and subcomponents 1`] = `
<section
  className="deck-import"
>
  <div
    className="grid-figure"
  >
    <h2
      className="header"
    >
      Add/Import Deck
    </h2>
    <form
      className="edit-form"
      onSubmit={[Function]}
    >
      <h4>
        Create a new deck
      </h4>
      <input
        className="large-input"
        maxLength="30"
        name="title"
        onChange={[Function]}
        placeholder="Deck Title"
        type="text"
      />
      <textarea
        name="description"
        onChange={[Function]}
        placeholder="Description"
        rows="3"
        type="text"
      />
      <div>
        <button
          className="button"
          type="submit"
        >
          Create Deck
        </button>
      </div>
      <div
        className="or-bar"
      >
        <hr />
        <p>
          or
        </p>
      </div>
      <h4>
        Import an existing deck collection or deck
      </h4>
      <Dropzone
        accept="application/json"
        activeClassName="drop-active"
        className="drop"
        disableClick={false}
        disablePreview={false}
        maxSize={Infinity}
        minSize={0}
        multiple={false}
        onDrop={[Function]}
        preventDropOnDocument={true}
        rejectClassName="drop-reject"
      >
        <p>
          Click here to import or drag and drop the deck JSON here
        </p>
      </Dropzone>
      <div
        className="or-bar"
      >
        <hr />
        <p>
          or
        </p>
      </div>
      <h4>
        Use samples
      </h4>
      <div>
        <button
          className="button"
          onClick={[Function]}
          type="button"
        >
          Load Sample Decks
        </button>
      </div>
    </form>
  </div>
</section>
`;
