// Jest Snapshot v1, https://goo.gl/fbAQLP

exports[`Settings should render self and subcomponents 1`] = `
<section
  className="settings"
>
  <h2
    className="header"
  >
    Settings
  </h2>
  <div
    className="settings-content"
  >
    <button
      className="button"
      onClick={[Function]}
    >
      Sign in with a hardcoded 
      <i
        className="fa fa-github"
      />
       token
    </button>
    <div>
      <button
        className="button"
        onClick={[Function]}
      >
        Sign in with 
        <i
          className="fa fa-github"
        />
      </button>
      <button
        className="button"
        onClick={[Function]}
      >
        Sign in with 
        <i
          className="fa fa-twitter"
        />
      </button>
      <button
        className="button"
        onClick={[Function]}
      >
        Sign in with 
        <i
          className="fa fa-facebook"
        />
      </button>
      <button
        className="button"
        onClick={[Function]}
      >
        Sign in with 
        <i
          className="fa fa-google"
        />
      </button>
    </div>
    <p>
      The decks you create are automatically saved to your browser's local storage.
    </p>
    <button
      className="button"
      disabled={false}
      onClick={[Function]}
      style={Object {}}
    >
      Download all decks as JSON
    </button>
    <button
      className="btn-delete"
      onClick={[Function]}
    >
      Delete all 
      1
       deck(s) from local storage
    </button>
  </div>
</section>
`;
