// Jest Snapshot v1, https://goo.gl/fbAQLP

exports[`Settings should render self and subcomponents 1`] = `
<section
  className="settings"
>
  <h2
    className="header"
  >
    Settings
  </h2>
  <div
    className="settings-content"
  >
    <p>
      The decks you create are automatically saved to your browser's local storage.
    </p>
    <Connect(AuthContainer) />
    <ExportDeckButton
      className="button"
      disabled={false}
      exportFile={[Function]}
      filename="indecks.json"
      label="Download your deck collection as JSON"
      style={Object {}}
    />
    <button
      className="btn-delete"
      onClick={[Function]}
    >
      Delete all 
      1
       deck(s) from local storage
    </button>
  </div>
</section>
`;
