// Jest Snapshot v1, https://goo.gl/fbAQLP

exports[`ShortcutHelper should render self and subcomponents 1`] = `
<section
  className="shortcut-helper"
>
  <h2
    className="header"
  >
    Keyboard Shortcuts
  </h2>
  <div
    className="shortcut-helper-content"
  >
    <h4>
      Global
    </h4>
    <p>
      <kbd>
        I
      </kbd>
       - Add/Import Deck
    </p>
    <p>
      <kbd>
        S
      </kbd>
       - Deck Quick Selector
    </p>
    <p>
      <kbd>
        ,
      </kbd>
       - Settings
    </p>
    <p>
      <kbd>
        /
      </kbd>
       - Keyboard Shortcuts
    </p>
    <h4>
      While viewing a deck
    </h4>
    <p>
      <kbd>
        H
      </kbd>
       - Toggle shuffle
    </p>
    <p>
      <kbd>
        ←
      </kbd>
       - Previous card
    </p>
    <p>
      <kbd>
        →
      </kbd>
       - Next card
    </p>
    <p>
      <kbd>
        SPACE
      </kbd>
       / 
      <kbd>
        ↑
      </kbd>
       / 
      <kbd>
        ↓
      </kbd>
       - Flip card
    </p>
    <p>
      <kbd>
        A
      </kbd>
       - Add a card to the current deck
    </p>
    <p>
      <kbd>
        E
      </kbd>
       - Edit card contents
    </p>
    <p>
      <kbd>
        D
      </kbd>
       - Return to the deck
    </p>
  </div>
</section>
`
